Archive member included because of file (symbol)

c:/program files/codesourcery/sourcery g++ lite/bin/../lib/gcc/arm-none-eabi/4.3.2\libgcc.a(_udivsi3.o)
                              ./obj/serial.o (__aeabi_uidiv)
c:/program files/codesourcery/sourcery g++ lite/bin/../lib/gcc/arm-none-eabi/4.3.2\libgcc.a(_dvmd_tls.o)
                              c:/program files/codesourcery/sourcery g++ lite/bin/../lib/gcc/arm-none-eabi/4.3.2\libgcc.a(_udivsi3.o) (__aeabi_idiv0)
c:/program files/codesourcery/sourcery g++ lite/bin/../lib/gcc/arm-none-eabi/4.3.2\libgcc.a(unwind-arm.o)
                              ./obj/startup.o (__aeabi_unwind_cpp_pr0)
c:/program files/codesourcery/sourcery g++ lite/bin/../lib/gcc/arm-none-eabi/4.3.2\libgcc.a(libunwind.o)
                              c:/program files/codesourcery/sourcery g++ lite/bin/../lib/gcc/arm-none-eabi/4.3.2\libgcc.a(unwind-arm.o) (restore_core_regs)
c:/program files/codesourcery/sourcery g++ lite/bin/../lib/gcc/arm-none-eabi/4.3.2\libgcc.a(pr-support.o)
                              c:/program files/codesourcery/sourcery g++ lite/bin/../lib/gcc/arm-none-eabi/4.3.2\libgcc.a(unwind-arm.o) (__gnu_unwind_execute)
c:/program files/codesourcery/sourcery g++ lite/bin/../lib/gcc/arm-none-eabi/4.3.2/../../../../arm-none-eabi/lib\libc.a(lib_a-abort.o)
                              c:/program files/codesourcery/sourcery g++ lite/bin/../lib/gcc/arm-none-eabi/4.3.2\libgcc.a(unwind-arm.o) (abort)
c:/program files/codesourcery/sourcery g++ lite/bin/../lib/gcc/arm-none-eabi/4.3.2/../../../../arm-none-eabi/lib\libc.a(lib_a-malloc.o)
                              ./obj/nothrow.o (free)
c:/program files/codesourcery/sourcery g++ lite/bin/../lib/gcc/arm-none-eabi/4.3.2/../../../../arm-none-eabi/lib\libc.a(lib_a-mallocr.o)
                              c:/program files/codesourcery/sourcery g++ lite/bin/../lib/gcc/arm-none-eabi/4.3.2/../../../../arm-none-eabi/lib\libc.a(lib_a-malloc.o) (_malloc_r)
c:/program files/codesourcery/sourcery g++ lite/bin/../lib/gcc/arm-none-eabi/4.3.2/../../../../arm-none-eabi/lib\libc.a(lib_a-memcpy.o)
                              c:/program files/codesourcery/sourcery g++ lite/bin/../lib/gcc/arm-none-eabi/4.3.2\libgcc.a(unwind-arm.o) (memcpy)
c:/program files/codesourcery/sourcery g++ lite/bin/../lib/gcc/arm-none-eabi/4.3.2/../../../../arm-none-eabi/lib\libc.a(lib_a-mlock.o)
                              c:/program files/codesourcery/sourcery g++ lite/bin/../lib/gcc/arm-none-eabi/4.3.2/../../../../arm-none-eabi/lib\libc.a(lib_a-mallocr.o) (__malloc_lock)
c:/program files/codesourcery/sourcery g++ lite/bin/../lib/gcc/arm-none-eabi/4.3.2/../../../../arm-none-eabi/lib\libc.a(lib_a-sbrkr.o)
                              c:/program files/codesourcery/sourcery g++ lite/bin/../lib/gcc/arm-none-eabi/4.3.2/../../../../arm-none-eabi/lib\libc.a(lib_a-mallocr.o) (_sbrk_r)
c:/program files/codesourcery/sourcery g++ lite/bin/../lib/gcc/arm-none-eabi/4.3.2/../../../../arm-none-eabi/lib\libc.a(lib_a-signal.o)
                              c:/program files/codesourcery/sourcery g++ lite/bin/../lib/gcc/arm-none-eabi/4.3.2/../../../../arm-none-eabi/lib\libc.a(lib_a-abort.o) (raise)
c:/program files/codesourcery/sourcery g++ lite/bin/../lib/gcc/arm-none-eabi/4.3.2/../../../../arm-none-eabi/lib\libc.a(lib_a-signalr.o)
                              c:/program files/codesourcery/sourcery g++ lite/bin/../lib/gcc/arm-none-eabi/4.3.2/../../../../arm-none-eabi/lib\libc.a(lib_a-signal.o) (_getpid_r)
c:/program files/codesourcery/sourcery g++ lite/bin/../lib/gcc/arm-none-eabi/4.3.2/../../../../arm-none-eabi/lib\libc.a(lib_a-freer.o)
                              c:/program files/codesourcery/sourcery g++ lite/bin/../lib/gcc/arm-none-eabi/4.3.2/../../../../arm-none-eabi/lib\libc.a(lib_a-malloc.o) (_free_r)
c:/program files/codesourcery/sourcery g++ lite/bin/../lib/gcc/arm-none-eabi/4.3.2/../../../../arm-none-eabi/lib\libc.a(lib_a-impure.o)
                              c:/program files/codesourcery/sourcery g++ lite/bin/../lib/gcc/arm-none-eabi/4.3.2/../../../../arm-none-eabi/lib\libc.a(lib_a-malloc.o) (_impure_ptr)
c:/program files/codesourcery/sourcery g++ lite/bin/../lib/gcc/arm-none-eabi/4.3.2/../../../../arm-none-eabi/lib\libc.a(lib_a-reent.o)
                              c:/program files/codesourcery/sourcery g++ lite/bin/../lib/gcc/arm-none-eabi/4.3.2/../../../../arm-none-eabi/lib\libc.a(lib_a-sbrkr.o) (errno)
c:/program files/codesourcery/sourcery g++ lite/bin/../lib/gcc/arm-none-eabi/4.3.2/../../../../arm-none-eabi/lib\libcs3.a(start_c.o)
                              (__cs3_start_c)
c:/program files/codesourcery/sourcery g++ lite/bin/../lib/gcc/arm-none-eabi/4.3.2/../../../../arm-none-eabi/lib\libcs3unhosted.a(unhosted-_exit.o)
                              c:/program files/codesourcery/sourcery g++ lite/bin/../lib/gcc/arm-none-eabi/4.3.2/../../../../arm-none-eabi/lib\libc.a(lib_a-abort.o) (_exit)
c:/program files/codesourcery/sourcery g++ lite/bin/../lib/gcc/arm-none-eabi/4.3.2/../../../../arm-none-eabi/lib\libc.a(lib_a-init.o)
                              c:/program files/codesourcery/sourcery g++ lite/bin/../lib/gcc/arm-none-eabi/4.3.2/../../../../arm-none-eabi/lib\libcs3.a(start_c.o) (__libc_init_array)

Allocating common symbols
Common symbol       size              file

errno               0x4               c:/program files/codesourcery/sourcery g++ lite/bin/../lib/gcc/arm-none-eabi/4.3.2/../../../../arm-none-eabi/lib\libc.a(lib_a-reent.o)

Memory Configuration

Name             Origin             Length             Attributes
rom              0x00005000         0x0007f000         xr
ram              0x40000000         0x00007fe0         xrw
*default*        0x00000000         0xffffffff

Linker script and memory map

LOAD ./obj/startup.o
LOAD ./obj/syscalls.o
LOAD ./obj/fio.o
LOAD ./obj/irq.o
LOAD ./obj/nothrow.o
LOAD ./obj/sbl_iap.o
LOAD ./obj/serial.o
LOAD ./obj/sys_init.o
LOAD ./obj/uart.o
LOAD ./obj/main.o
LOAD c:/program files/codesourcery/sourcery g++ lite/bin/../lib/gcc/arm-none-eabi/4.3.2/../../../../arm-none-eabi/lib\libm.a
START GROUP
LOAD c:/program files/codesourcery/sourcery g++ lite/bin/../lib/gcc/arm-none-eabi/4.3.2\libgcc.a
LOAD c:/program files/codesourcery/sourcery g++ lite/bin/../lib/gcc/arm-none-eabi/4.3.2/../../../../arm-none-eabi/lib\libc.a
END GROUP
START GROUP
LOAD c:/program files/codesourcery/sourcery g++ lite/bin/../lib/gcc/arm-none-eabi/4.3.2\libgcc.a
LOAD c:/program files/codesourcery/sourcery g++ lite/bin/../lib/gcc/arm-none-eabi/4.3.2/../../../../arm-none-eabi/lib\libc.a
LOAD c:/program files/codesourcery/sourcery g++ lite/bin/../lib/gcc/arm-none-eabi/4.3.2/../../../../arm-none-eabi/lib\libcs3.a
LOAD c:/program files/codesourcery/sourcery g++ lite/bin/../lib/gcc/arm-none-eabi/4.3.2/../../../../arm-none-eabi/lib\libcs3unhosted.a
LOAD c:/program files/codesourcery/sourcery g++ lite/bin/../lib/gcc/arm-none-eabi/4.3.2/../../../../arm-none-eabi/lib\libcs3arm.a
END GROUP
                0x40007fe0                PROVIDE (__cs3_stack, (__cs3_region_start_ram + __cs3_region_size_ram))
                0x00007090                PROVIDE (__cs3_stack_size, ((__cs3_region_start_ram + __cs3_region_size_ram) - _end))
                0x40000f50                PROVIDE (__cs3_heap_start, _end)
                0x40007fe0                PROVIDE (__cs3_heap_end, (__cs3_region_start_ram + __cs3_region_size_ram))

.text           0x00005000     0x470c
 CREATE_OBJECT_SYMBOLS
                0x00005000                __cs3_region_start_rom = .
 *(.cs3.region-head.rom)
                0x00000001                ASSERT ((. != __cs3_interrupt_vector_arm), No interrupt vector)
 *(.rom)
 *(.rom.b)
                0x00005000                __cs3_reset = __cs3_reset_arm
 *(.cs3.reset)
 .cs3.reset     0x00005000       0x5c ./obj/startup.o
                0x0000504c                _start
                0x00005000                __cs3_reset_arm
                0x00005001                ASSERT ((. != __cs3_reset), No reset code)
 *(.text .text.* .gnu.linkonce.t.*)
 .text          0x0000505c       0x18 ./obj/startup.o
                0x0000506c                IRQ_Handler
                0x00005060                SWI_Handler
                0x0000505c                Undef_Handler
                0x00005068                DAbt_Handler
                0x00005070                FIQ_Handler
                0x00005064                PAbt_Handler
 .text          0x00005074       0x6c ./obj/syscalls.o
                0x000050b0                _getpid
                0x000050d8                isatty
                0x000050c0                _fstat
                0x00005090                _open
                0x000050b8                _sbrk
                0x00005074                _init
                0x00005080                _lseek
                0x000050c8                _link
                0x000050d0                _unlink
                0x00005088                _write
                0x000050a8                _kill
                0x00005078                _read
                0x000050a0                _close
 .text          0x000050e0       0xec ./obj/fio.o
                0x000050e0                GPIOInit(unsigned long, unsigned long, unsigned long, unsigned long)
 .text          0x000051cc       0x78 ./obj/irq.o
                0x000051cc                init_VIC()
                0x00005204                install_irq(unsigned long, void*, unsigned long)
 .text          0x00005244       0x48 ./obj/nothrow.o
                0x00005254                operator delete(void*)
                0x00005244                raise(int)
                0x00005270                operator new(unsigned int)
                0x0000524c                __aeabi_atexit
 .text          0x0000528c      0x530 ./obj/sbl_iap.o
                0x000053a4                execute_user_code()
                0x00005398                disable_interrupts(unsigned int)
                0x000052e8                erase_sector(unsigned int, unsigned int, unsigned int)
                0x000053d4                user_code_present()
                0x0000538c                enable_interrupts(unsigned int)
                0x00005368                iap_entry(unsigned int*, unsigned int*)
                0x00005428                check_isp_entry_pin()
                0x0000528c                write_data(unsigned int, unsigned int, unsigned int*, unsigned int)
                0x00005468                erase_user_flash()
                0x00005328                prepare_sector(unsigned int, unsigned int, unsigned int)
                0x000054f4                find_erase_prepare_sector(unsigned int, unsigned int)
                0x000055b8                write_flash(unsigned int*, unsigned char*, unsigned int)
 .text          0x000057bc      0x944 ./obj/serial.o
                0x00005c30                Serial3ISR()
                0x000057bc                SerialISR(unsigned char)
                0x00005acc                SerialBegin(unsigned char, unsigned long)
                0x0000598c                SerialWrite(unsigned char, int)
                0x00005d7c                Serial0ISR()
                0x00005964                SerialAvailable(unsigned char)
                0x000059b0                SerialStr(unsigned char, char*)
                0x00005ea8                Serial1ISR()
                0x000059f4                SerialRead(unsigned char)
                0x00005fd4                Serial2ISR()
 .text          0x00006100      0x370 ./obj/sys_init.o
                0x00006164                sysInit()
                0x00006350                initADC()
                0x0000637c                sysTimeISR()
                0x00006100                oneMillisHandler()
 .text          0x00006470      0x450 ./obj/uart.o
                0x000066f0                UARTSend(unsigned long, char const*, unsigned long)
                0x00006798                UARTInit(unsigned int, unsigned long)
                0x000065b0                UART1Handler()
                0x00006470                UART0Handler()
 .text          0x000068c0      0x378 ./obj/main.o
                0x00006a18                main
                0x000068c0                ledSpin()
 .text          0x00006c38      0x114 c:/program files/codesourcery/sourcery g++ lite/bin/../lib/gcc/arm-none-eabi/4.3.2\libgcc.a(_udivsi3.o)
                0x00006c38                __udivsi3
                0x00006c38                __aeabi_uidiv
                0x00006d2c                __aeabi_uidivmod
 .text          0x00006d4c        0x4 c:/program files/codesourcery/sourcery g++ lite/bin/../lib/gcc/arm-none-eabi/4.3.2\libgcc.a(_dvmd_tls.o)
                0x00006d4c                __aeabi_ldiv0
                0x00006d4c                __aeabi_idiv0
 .text          0x00006d50      0xf6c c:/program files/codesourcery/sourcery g++ lite/bin/../lib/gcc/arm-none-eabi/4.3.2\libgcc.a(unwind-arm.o)
                0x000077bc                __gnu_Unwind_RaiseException
                0x00007350                __aeabi_unwind_cpp_pr0
                0x00006f18                _Unwind_GetCFA
                0x00006de8                _Unwind_VRS_Set
                0x00007524                __gnu_Unwind_Backtrace
                0x000078f0                _Unwind_VRS_Pop
                0x00007340                __aeabi_unwind_cpp_pr2
                0x00006f24                _Unwind_DeleteException
                0x00006f20                _Unwind_Complete
                0x00007888                __gnu_Unwind_Resume
                0x00007744                __gnu_Unwind_ForcedUnwind
                0x00007868                __gnu_Unwind_Resume_or_Rethrow
                0x00006d64                _Unwind_VRS_Get
                0x00007348                __aeabi_unwind_cpp_pr1
 .text          0x00007cbc      0x1b0 c:/program files/codesourcery/sourcery g++ lite/bin/../lib/gcc/arm-none-eabi/4.3.2\libgcc.a(libunwind.o)
                0x00007e24                ___Unwind_ForcedUnwind
                0x00007ce0                __gnu_Unwind_Save_VFP
                0x00007e00                _Unwind_Resume_or_Rethrow
                0x00007e00                ___Unwind_Resume_or_Rethrow
                0x00007e48                _Unwind_Backtrace
                0x00007cbc                __restore_core_regs
                0x00007d00                __gnu_Unwind_Save_VFP_D_16_to_31
                0x00007cf0                __gnu_Unwind_Save_VFP_D
                0x00007e48                ___Unwind_Backtrace
                0x00007db8                ___Unwind_RaiseException
                0x00007ddc                ___Unwind_Resume
                0x00007d08                __gnu_Unwind_Restore_WMMXD
                0x00007cd8                __gnu_Unwind_Restore_VFP
                0x00007ddc                _Unwind_Resume
                0x00007ce8                __gnu_Unwind_Restore_VFP_D
                0x00007cf8                __gnu_Unwind_Restore_VFP_D_16_to_31
                0x00007db8                _Unwind_RaiseException
                0x00007cbc                restore_core_regs
                0x00007da4                __gnu_Unwind_Save_WMMXC
                0x00007d90                __gnu_Unwind_Restore_WMMXC
                0x00007e24                _Unwind_ForcedUnwind
                0x00007d4c                __gnu_Unwind_Save_WMMXD
 .text          0x00007e6c      0x53c c:/program files/codesourcery/sourcery g++ lite/bin/../lib/gcc/arm-none-eabi/4.3.2\libgcc.a(pr-support.o)
                0x00007f48                _Unwind_GetRegionStart
                0x00007f5c                __gnu_unwind_execute
                0x00007ed8                _Unwind_GetTextRelBase
                0x00007f20                _Unwind_GetLanguageSpecificData
                0x00008360                __gnu_unwind_frame
                0x00007ee0                _Unwind_GetDataRelBase
 .text          0x000083a8       0x10 c:/program files/codesourcery/sourcery g++ lite/bin/../lib/gcc/arm-none-eabi/4.3.2/../../../../arm-none-eabi/lib\libc.a(lib_a-abort.o)
                0x000083a8                abort
 .text          0x000083b8       0x40 c:/program files/codesourcery/sourcery g++ lite/bin/../lib/gcc/arm-none-eabi/4.3.2/../../../../arm-none-eabi/lib\libc.a(lib_a-malloc.o)
                0x000083d8                malloc
                0x000083b8                free
 .text          0x000083f8      0x72c c:/program files/codesourcery/sourcery g++ lite/bin/../lib/gcc/arm-none-eabi/4.3.2/../../../../arm-none-eabi/lib\libc.a(lib_a-mallocr.o)
                0x000083f8                _malloc_r
 .text          0x00008b24       0xfc c:/program files/codesourcery/sourcery g++ lite/bin/../lib/gcc/arm-none-eabi/4.3.2/../../../../arm-none-eabi/lib\libc.a(lib_a-memcpy.o)
                0x00008b24                memcpy
 .text          0x00008c20        0x8 c:/program files/codesourcery/sourcery g++ lite/bin/../lib/gcc/arm-none-eabi/4.3.2/../../../../arm-none-eabi/lib\libc.a(lib_a-mlock.o)
                0x00008c24                __malloc_unlock
                0x00008c20                __malloc_lock
 .text          0x00008c28       0x40 c:/program files/codesourcery/sourcery g++ lite/bin/../lib/gcc/arm-none-eabi/4.3.2/../../../../arm-none-eabi/lib\libc.a(lib_a-sbrkr.o)
                0x00008c28                _sbrk_r
 .text          0x00008c68      0x220 c:/program files/codesourcery/sourcery g++ lite/bin/../lib/gcc/arm-none-eabi/4.3.2/../../../../arm-none-eabi/lib\libc.a(lib_a-signal.o)
                0x00008e14                _signal_r
                0x00008c68                _raise_r
                0x00008d74                __sigtramp_r
                0x00008e6c                signal
                0x00008d64                _init_signal
                0x00008d10                _init_signal_r
                0x00008e00                __sigtramp
                0x00008cfc                raise
 .text          0x00008e88       0x50 c:/program files/codesourcery/sourcery g++ lite/bin/../lib/gcc/arm-none-eabi/4.3.2/../../../../arm-none-eabi/lib\libc.a(lib_a-signalr.o)
                0x00008e98                _kill_r
                0x00008e88                _getpid_r
 .text          0x00008ed8      0x378 c:/program files/codesourcery/sourcery g++ lite/bin/../lib/gcc/arm-none-eabi/4.3.2/../../../../arm-none-eabi/lib\libc.a(lib_a-freer.o)
                0x00008fd4                _free_r
                0x00008ed8                _malloc_trim_r
 .text          0x00009250        0x0 c:/program files/codesourcery/sourcery g++ lite/bin/../lib/gcc/arm-none-eabi/4.3.2/../../../../arm-none-eabi/lib\libc.a(lib_a-impure.o)
 .text          0x00009250      0x198 c:/program files/codesourcery/sourcery g++ lite/bin/../lib/gcc/arm-none-eabi/4.3.2/../../../../arm-none-eabi/lib\libc.a(lib_a-reent.o)
                0x000092c4                cleanup_glue
                0x000092f0                _reclaim_reent
                0x00009250                _wrapup_reent
 .text          0x000093e8       0xcc c:/program files/codesourcery/sourcery g++ lite/bin/../lib/gcc/arm-none-eabi/4.3.2/../../../../arm-none-eabi/lib\libcs3.a(start_c.o)
                0x000093e8                __cs3_start_c
 .text          0x000094b4        0x4 c:/program files/codesourcery/sourcery g++ lite/bin/../lib/gcc/arm-none-eabi/4.3.2/../../../../arm-none-eabi/lib\libcs3unhosted.a(unhosted-_exit.o)
                0x000094b4                _exit
 .text          0x000094b8       0x80 c:/program files/codesourcery/sourcery g++ lite/bin/../lib/gcc/arm-none-eabi/4.3.2/../../../../arm-none-eabi/lib\libc.a(lib_a-init.o)
                0x000094b8                __libc_init_array
 *(.plt)
 *(.gnu.warning)
 *(.glue_7t)
 .glue_7t       0x00009538        0x0 ./obj/startup.o
 .glue_7t       0x00009538        0x0 ./obj/syscalls.o
 .glue_7t       0x00009538        0x0 ./obj/fio.o
 .glue_7t       0x00009538        0x0 ./obj/irq.o
 .glue_7t       0x00009538        0x0 ./obj/nothrow.o
 .glue_7t       0x00009538        0x0 ./obj/sbl_iap.o
 .glue_7t       0x00009538        0x0 ./obj/serial.o
 .glue_7t       0x00009538        0x0 ./obj/sys_init.o
 .glue_7t       0x00009538        0x0 ./obj/uart.o
 .glue_7t       0x00009538        0x0 ./obj/main.o
 .glue_7t       0x00009538        0x0 c:/program files/codesourcery/sourcery g++ lite/bin/../lib/gcc/arm-none-eabi/4.3.2\libgcc.a(_udivsi3.o)
 .glue_7t       0x00009538        0x0 c:/program files/codesourcery/sourcery g++ lite/bin/../lib/gcc/arm-none-eabi/4.3.2\libgcc.a(_dvmd_tls.o)
 .glue_7t       0x00009538        0x0 c:/program files/codesourcery/sourcery g++ lite/bin/../lib/gcc/arm-none-eabi/4.3.2\libgcc.a(unwind-arm.o)
 .glue_7t       0x00009538        0x0 c:/program files/codesourcery/sourcery g++ lite/bin/../lib/gcc/arm-none-eabi/4.3.2\libgcc.a(libunwind.o)
 .glue_7t       0x00009538        0x0 c:/program files/codesourcery/sourcery g++ lite/bin/../lib/gcc/arm-none-eabi/4.3.2\libgcc.a(pr-support.o)
 .glue_7t       0x00009538        0x0 c:/program files/codesourcery/sourcery g++ lite/bin/../lib/gcc/arm-none-eabi/4.3.2/../../../../arm-none-eabi/lib\libc.a(lib_a-abort.o)
 .glue_7t       0x00009538        0x0 c:/program files/codesourcery/sourcery g++ lite/bin/../lib/gcc/arm-none-eabi/4.3.2/../../../../arm-none-eabi/lib\libc.a(lib_a-malloc.o)
 .glue_7t       0x00009538        0x0 c:/program files/codesourcery/sourcery g++ lite/bin/../lib/gcc/arm-none-eabi/4.3.2/../../../../arm-none-eabi/lib\libc.a(lib_a-mallocr.o)
 .glue_7t       0x00009538        0x0 c:/program files/codesourcery/sourcery g++ lite/bin/../lib/gcc/arm-none-eabi/4.3.2/../../../../arm-none-eabi/lib\libc.a(lib_a-memcpy.o)
 .glue_7t       0x00009538        0x0 c:/program files/codesourcery/sourcery g++ lite/bin/../lib/gcc/arm-none-eabi/4.3.2/../../../../arm-none-eabi/lib\libc.a(lib_a-mlock.o)
 .glue_7t       0x00009538        0x0 c:/program files/codesourcery/sourcery g++ lite/bin/../lib/gcc/arm-none-eabi/4.3.2/../../../../arm-none-eabi/lib\libc.a(lib_a-sbrkr.o)
 .glue_7t       0x00009538        0x0 c:/program files/codesourcery/sourcery g++ lite/bin/../lib/gcc/arm-none-eabi/4.3.2/../../../../arm-none-eabi/lib\libc.a(lib_a-signal.o)
 .glue_7t       0x00009538        0x0 c:/program files/codesourcery/sourcery g++ lite/bin/../lib/gcc/arm-none-eabi/4.3.2/../../../../arm-none-eabi/lib\libc.a(lib_a-signalr.o)
 .glue_7t       0x00009538        0x0 c:/program files/codesourcery/sourcery g++ lite/bin/../lib/gcc/arm-none-eabi/4.3.2/../../../../arm-none-eabi/lib\libc.a(lib_a-freer.o)
 .glue_7t       0x00009538        0x0 c:/program files/codesourcery/sourcery g++ lite/bin/../lib/gcc/arm-none-eabi/4.3.2/../../../../arm-none-eabi/lib\libc.a(lib_a-impure.o)
 .glue_7t       0x00009538        0x0 c:/program files/codesourcery/sourcery g++ lite/bin/../lib/gcc/arm-none-eabi/4.3.2/../../../../arm-none-eabi/lib\libc.a(lib_a-reent.o)
 .glue_7t       0x00009538        0x0 c:/program files/codesourcery/sourcery g++ lite/bin/../lib/gcc/arm-none-eabi/4.3.2/../../../../arm-none-eabi/lib\libcs3.a(start_c.o)
 .glue_7t       0x00009538        0x0 c:/program files/codesourcery/sourcery g++ lite/bin/../lib/gcc/arm-none-eabi/4.3.2/../../../../arm-none-eabi/lib\libcs3unhosted.a(unhosted-_exit.o)
 .glue_7t       0x00009538        0x0 c:/program files/codesourcery/sourcery g++ lite/bin/../lib/gcc/arm-none-eabi/4.3.2/../../../../arm-none-eabi/lib\libc.a(lib_a-init.o)
 *(.glue_7)
 .glue_7        0x00009538        0x0 ./obj/startup.o
 .glue_7        0x00009538        0x0 ./obj/syscalls.o
 .glue_7        0x00009538        0x0 ./obj/fio.o
 .glue_7        0x00009538        0x0 ./obj/irq.o
 .glue_7        0x00009538        0x0 ./obj/nothrow.o
 .glue_7        0x00009538        0x0 ./obj/sbl_iap.o
 .glue_7        0x00009538        0x0 ./obj/serial.o
 .glue_7        0x00009538        0x0 ./obj/sys_init.o
 .glue_7        0x00009538        0x0 ./obj/uart.o
 .glue_7        0x00009538        0x0 ./obj/main.o
 .glue_7        0x00009538        0x0 c:/program files/codesourcery/sourcery g++ lite/bin/../lib/gcc/arm-none-eabi/4.3.2\libgcc.a(_udivsi3.o)
 .glue_7        0x00009538        0x0 c:/program files/codesourcery/sourcery g++ lite/bin/../lib/gcc/arm-none-eabi/4.3.2\libgcc.a(_dvmd_tls.o)
 .glue_7        0x00009538        0x0 c:/program files/codesourcery/sourcery g++ lite/bin/../lib/gcc/arm-none-eabi/4.3.2\libgcc.a(unwind-arm.o)
 .glue_7        0x00009538        0x0 c:/program files/codesourcery/sourcery g++ lite/bin/../lib/gcc/arm-none-eabi/4.3.2\libgcc.a(libunwind.o)
 .glue_7        0x00009538        0x0 c:/program files/codesourcery/sourcery g++ lite/bin/../lib/gcc/arm-none-eabi/4.3.2\libgcc.a(pr-support.o)
 .glue_7        0x00009538        0x0 c:/program files/codesourcery/sourcery g++ lite/bin/../lib/gcc/arm-none-eabi/4.3.2/../../../../arm-none-eabi/lib\libc.a(lib_a-abort.o)
 .glue_7        0x00009538        0x0 c:/program files/codesourcery/sourcery g++ lite/bin/../lib/gcc/arm-none-eabi/4.3.2/../../../../arm-none-eabi/lib\libc.a(lib_a-malloc.o)
 .glue_7        0x00009538        0x0 c:/program files/codesourcery/sourcery g++ lite/bin/../lib/gcc/arm-none-eabi/4.3.2/../../../../arm-none-eabi/lib\libc.a(lib_a-mallocr.o)
 .glue_7        0x00009538        0x0 c:/program files/codesourcery/sourcery g++ lite/bin/../lib/gcc/arm-none-eabi/4.3.2/../../../../arm-none-eabi/lib\libc.a(lib_a-memcpy.o)
 .glue_7        0x00009538        0x0 c:/program files/codesourcery/sourcery g++ lite/bin/../lib/gcc/arm-none-eabi/4.3.2/../../../../arm-none-eabi/lib\libc.a(lib_a-mlock.o)
 .glue_7        0x00009538        0x0 c:/program files/codesourcery/sourcery g++ lite/bin/../lib/gcc/arm-none-eabi/4.3.2/../../../../arm-none-eabi/lib\libc.a(lib_a-sbrkr.o)
 .glue_7        0x00009538        0x0 c:/program files/codesourcery/sourcery g++ lite/bin/../lib/gcc/arm-none-eabi/4.3.2/../../../../arm-none-eabi/lib\libc.a(lib_a-signal.o)
 .glue_7        0x00009538        0x0 c:/program files/codesourcery/sourcery g++ lite/bin/../lib/gcc/arm-none-eabi/4.3.2/../../../../arm-none-eabi/lib\libc.a(lib_a-signalr.o)
 .glue_7        0x00009538        0x0 c:/program files/codesourcery/sourcery g++ lite/bin/../lib/gcc/arm-none-eabi/4.3.2/../../../../arm-none-eabi/lib\libc.a(lib_a-freer.o)
 .glue_7        0x00009538        0x0 c:/program files/codesourcery/sourcery g++ lite/bin/../lib/gcc/arm-none-eabi/4.3.2/../../../../arm-none-eabi/lib\libc.a(lib_a-impure.o)
 .glue_7        0x00009538        0x0 c:/program files/codesourcery/sourcery g++ lite/bin/../lib/gcc/arm-none-eabi/4.3.2/../../../../arm-none-eabi/lib\libc.a(lib_a-reent.o)
 .glue_7        0x00009538        0x0 c:/program files/codesourcery/sourcery g++ lite/bin/../lib/gcc/arm-none-eabi/4.3.2/../../../../arm-none-eabi/lib\libcs3.a(start_c.o)
 .glue_7        0x00009538        0x0 c:/program files/codesourcery/sourcery g++ lite/bin/../lib/gcc/arm-none-eabi/4.3.2/../../../../arm-none-eabi/lib\libcs3unhosted.a(unhosted-_exit.o)
 .glue_7        0x00009538        0x0 c:/program files/codesourcery/sourcery g++ lite/bin/../lib/gcc/arm-none-eabi/4.3.2/../../../../arm-none-eabi/lib\libc.a(lib_a-init.o)
 *(.vfp11_veneer)
 .vfp11_veneer  0x00009538        0x0 ./obj/startup.o
 .vfp11_veneer  0x00009538        0x0 ./obj/syscalls.o
 .vfp11_veneer  0x00009538        0x0 ./obj/fio.o
 .vfp11_veneer  0x00009538        0x0 ./obj/irq.o
 .vfp11_veneer  0x00009538        0x0 ./obj/nothrow.o
 .vfp11_veneer  0x00009538        0x0 ./obj/sbl_iap.o
 .vfp11_veneer  0x00009538        0x0 ./obj/serial.o
 .vfp11_veneer  0x00009538        0x0 ./obj/sys_init.o
 .vfp11_veneer  0x00009538        0x0 ./obj/uart.o
 .vfp11_veneer  0x00009538        0x0 ./obj/main.o
 .vfp11_veneer  0x00009538        0x0 c:/program files/codesourcery/sourcery g++ lite/bin/../lib/gcc/arm-none-eabi/4.3.2\libgcc.a(_udivsi3.o)
 .vfp11_veneer  0x00009538        0x0 c:/program files/codesourcery/sourcery g++ lite/bin/../lib/gcc/arm-none-eabi/4.3.2\libgcc.a(_dvmd_tls.o)
 .vfp11_veneer  0x00009538        0x0 c:/program files/codesourcery/sourcery g++ lite/bin/../lib/gcc/arm-none-eabi/4.3.2\libgcc.a(unwind-arm.o)
 .vfp11_veneer  0x00009538        0x0 c:/program files/codesourcery/sourcery g++ lite/bin/../lib/gcc/arm-none-eabi/4.3.2\libgcc.a(libunwind.o)
 .vfp11_veneer  0x00009538        0x0 c:/program files/codesourcery/sourcery g++ lite/bin/../lib/gcc/arm-none-eabi/4.3.2\libgcc.a(pr-support.o)
 .vfp11_veneer  0x00009538        0x0 c:/program files/codesourcery/sourcery g++ lite/bin/../lib/gcc/arm-none-eabi/4.3.2/../../../../arm-none-eabi/lib\libc.a(lib_a-abort.o)
 .vfp11_veneer  0x00009538        0x0 c:/program files/codesourcery/sourcery g++ lite/bin/../lib/gcc/arm-none-eabi/4.3.2/../../../../arm-none-eabi/lib\libc.a(lib_a-malloc.o)
 .vfp11_veneer  0x00009538        0x0 c:/program files/codesourcery/sourcery g++ lite/bin/../lib/gcc/arm-none-eabi/4.3.2/../../../../arm-none-eabi/lib\libc.a(lib_a-mallocr.o)
 .vfp11_veneer  0x00009538        0x0 c:/program files/codesourcery/sourcery g++ lite/bin/../lib/gcc/arm-none-eabi/4.3.2/../../../../arm-none-eabi/lib\libc.a(lib_a-memcpy.o)
 .vfp11_veneer  0x00009538        0x0 c:/program files/codesourcery/sourcery g++ lite/bin/../lib/gcc/arm-none-eabi/4.3.2/../../../../arm-none-eabi/lib\libc.a(lib_a-mlock.o)
 .vfp11_veneer  0x00009538        0x0 c:/program files/codesourcery/sourcery g++ lite/bin/../lib/gcc/arm-none-eabi/4.3.2/../../../../arm-none-eabi/lib\libc.a(lib_a-sbrkr.o)
 .vfp11_veneer  0x00009538        0x0 c:/program files/codesourcery/sourcery g++ lite/bin/../lib/gcc/arm-none-eabi/4.3.2/../../../../arm-none-eabi/lib\libc.a(lib_a-signal.o)
 .vfp11_veneer  0x00009538        0x0 c:/program files/codesourcery/sourcery g++ lite/bin/../lib/gcc/arm-none-eabi/4.3.2/../../../../arm-none-eabi/lib\libc.a(lib_a-signalr.o)
 .vfp11_veneer  0x00009538        0x0 c:/program files/codesourcery/sourcery g++ lite/bin/../lib/gcc/arm-none-eabi/4.3.2/../../../../arm-none-eabi/lib\libc.a(lib_a-freer.o)
 .vfp11_veneer  0x00009538        0x0 c:/program files/codesourcery/sourcery g++ lite/bin/../lib/gcc/arm-none-eabi/4.3.2/../../../../arm-none-eabi/lib\libc.a(lib_a-impure.o)
 .vfp11_veneer  0x00009538        0x0 c:/program files/codesourcery/sourcery g++ lite/bin/../lib/gcc/arm-none-eabi/4.3.2/../../../../arm-none-eabi/lib\libc.a(lib_a-reent.o)
 .vfp11_veneer  0x00009538        0x0 c:/program files/codesourcery/sourcery g++ lite/bin/../lib/gcc/arm-none-eabi/4.3.2/../../../../arm-none-eabi/lib\libcs3.a(start_c.o)
 .vfp11_veneer  0x00009538        0x0 c:/program files/codesourcery/sourcery g++ lite/bin/../lib/gcc/arm-none-eabi/4.3.2/../../../../arm-none-eabi/lib\libcs3unhosted.a(unhosted-_exit.o)
 .vfp11_veneer  0x00009538        0x0 c:/program files/codesourcery/sourcery g++ lite/bin/../lib/gcc/arm-none-eabi/4.3.2/../../../../arm-none-eabi/lib\libc.a(lib_a-init.o)
 *(.rodata .rodata.* .gnu.linkonce.r.*)
 .rodata        0x00009538      0x100 ./obj/sbl_iap.o
                0x00009538                sector_end_map
                0x000095b8                sector_start_map
 .rodata        0x00009638        0x4 c:/program files/codesourcery/sourcery g++ lite/bin/../lib/gcc/arm-none-eabi/4.3.2/../../../../arm-none-eabi/lib\libc.a(lib_a-impure.o)
                0x00009638                _global_impure_ptr
 .rodata.str1.4
                0x0000963c        0x4 c:/program files/codesourcery/sourcery g++ lite/bin/../lib/gcc/arm-none-eabi/4.3.2/../../../../arm-none-eabi/lib\libc.a(lib_a-impure.o)
 *(.ARM.extab* .gnu.linkonce.armextab.*)
 .ARM.extab.cs3.reset
                0x00009640        0x0 ./obj/startup.o
 .ARM.extab     0x00009640        0x0 ./obj/fio.o
 .ARM.extab     0x00009640        0x0 ./obj/irq.o
 .ARM.extab     0x00009640        0x0 ./obj/nothrow.o
 .ARM.extab     0x00009640       0x78 ./obj/sbl_iap.o
 .ARM.extab     0x000096b8        0xc ./obj/serial.o
 .ARM.extab     0x000096c4        0x0 ./obj/sys_init.o
 .ARM.extab     0x000096c4        0xc ./obj/uart.o
 .ARM.extab     0x000096d0        0xc ./obj/main.o
 .ARM.extab     0x000096dc       0x18 c:/program files/codesourcery/sourcery g++ lite/bin/../lib/gcc/arm-none-eabi/4.3.2\libgcc.a(unwind-arm.o)
 .ARM.extab     0x000096f4        0x0 c:/program files/codesourcery/sourcery g++ lite/bin/../lib/gcc/arm-none-eabi/4.3.2\libgcc.a(pr-support.o)
 *(.gcc_except_table)
 *(.eh_frame_hdr)
 *(.eh_frame)
                0x000096f4                . = ALIGN (0x4)
 *(.init)
                0x000096f4                . = ALIGN (0x4)
                0x000096f4                __preinit_array_start = .
 *(.preinit_array)
                0x000096f4                __preinit_array_end = .
                0x000096f4                . = ALIGN (0x4)
                0x000096f4                __init_array_start = .
 *(SORT(.init_array.*))
 *(.init_array)
 .init_array    0x000096f4        0x4 ./obj/serial.o
                0x000096f8                __init_array_end = .
                0x000096f8                . = ALIGN (0x4)
 *crtbegin.o(.ctors)
 *(EXCLUDE_FILE(*crtend.o) .ctors)
 *(SORT(.ctors.*))
 *crtend.o(.ctors)
                0x000096f8                . = ALIGN (0x4)
 *(.fini)
                0x000096f8                . = ALIGN (0x4)
                0x000096f8                __fini_array_start = .
 *(.fini_array)
 *(SORT(.fini_array.*))
                0x000096f8                __fini_array_end = .
 *crtbegin.o(.dtors)
 *(EXCLUDE_FILE(*crtend.o) .dtors)
 *(SORT(.dtors.*))
 *crtend.o(.dtors)
                0x000096f8                . = ALIGN (0x4)
                0x000096f8                __cs3_regions = .
                0x000096f8        0x4 LONG 0x0
                0x000096fc        0x4 LONG 0x9960 __cs3_region_init_ram
                0x00009700        0x4 LONG 0x40000000 __cs3_region_start_ram
                0x00009704        0x4 LONG 0x8f8 __cs3_region_init_size_ram
                0x00009708        0x4 LONG 0x658 __cs3_region_zero_size_ram
                0x0000970c                __exidx_start = .

.janus_2cc_veneer
                0x0000970c        0x0
 .janus_2cc_veneer
                0x0000970c        0x0 ./obj/startup.o
 .janus_2cc_veneer
                0x0000970c        0x0 ./obj/syscalls.o
 .janus_2cc_veneer
                0x0000970c        0x0 ./obj/fio.o
 .janus_2cc_veneer
                0x0000970c        0x0 ./obj/irq.o
 .janus_2cc_veneer
                0x0000970c        0x0 ./obj/nothrow.o
 .janus_2cc_veneer
                0x0000970c        0x0 ./obj/sbl_iap.o
 .janus_2cc_veneer
                0x0000970c        0x0 ./obj/serial.o
 .janus_2cc_veneer
                0x0000970c        0x0 ./obj/sys_init.o
 .janus_2cc_veneer
                0x0000970c        0x0 ./obj/uart.o
 .janus_2cc_veneer
                0x0000970c        0x0 ./obj/main.o
 .janus_2cc_veneer
                0x0000970c        0x0 c:/program files/codesourcery/sourcery g++ lite/bin/../lib/gcc/arm-none-eabi/4.3.2\libgcc.a(_udivsi3.o)
 .janus_2cc_veneer
                0x0000970c        0x0 c:/program files/codesourcery/sourcery g++ lite/bin/../lib/gcc/arm-none-eabi/4.3.2\libgcc.a(_dvmd_tls.o)
 .janus_2cc_veneer
                0x0000970c        0x0 c:/program files/codesourcery/sourcery g++ lite/bin/../lib/gcc/arm-none-eabi/4.3.2\libgcc.a(unwind-arm.o)
 .janus_2cc_veneer
                0x0000970c        0x0 c:/program files/codesourcery/sourcery g++ lite/bin/../lib/gcc/arm-none-eabi/4.3.2\libgcc.a(libunwind.o)
 .janus_2cc_veneer
                0x0000970c        0x0 c:/program files/codesourcery/sourcery g++ lite/bin/../lib/gcc/arm-none-eabi/4.3.2\libgcc.a(pr-support.o)
 .janus_2cc_veneer
                0x0000970c        0x0 c:/program files/codesourcery/sourcery g++ lite/bin/../lib/gcc/arm-none-eabi/4.3.2/../../../../arm-none-eabi/lib\libc.a(lib_a-abort.o)
 .janus_2cc_veneer
                0x0000970c        0x0 c:/program files/codesourcery/sourcery g++ lite/bin/../lib/gcc/arm-none-eabi/4.3.2/../../../../arm-none-eabi/lib\libc.a(lib_a-malloc.o)
 .janus_2cc_veneer
                0x0000970c        0x0 c:/program files/codesourcery/sourcery g++ lite/bin/../lib/gcc/arm-none-eabi/4.3.2/../../../../arm-none-eabi/lib\libc.a(lib_a-mallocr.o)
 .janus_2cc_veneer
                0x0000970c        0x0 c:/program files/codesourcery/sourcery g++ lite/bin/../lib/gcc/arm-none-eabi/4.3.2/../../../../arm-none-eabi/lib\libc.a(lib_a-memcpy.o)
 .janus_2cc_veneer
                0x0000970c        0x0 c:/program files/codesourcery/sourcery g++ lite/bin/../lib/gcc/arm-none-eabi/4.3.2/../../../../arm-none-eabi/lib\libc.a(lib_a-mlock.o)
 .janus_2cc_veneer
                0x0000970c        0x0 c:/program files/codesourcery/sourcery g++ lite/bin/../lib/gcc/arm-none-eabi/4.3.2/../../../../arm-none-eabi/lib\libc.a(lib_a-sbrkr.o)
 .janus_2cc_veneer
                0x0000970c        0x0 c:/program files/codesourcery/sourcery g++ lite/bin/../lib/gcc/arm-none-eabi/4.3.2/../../../../arm-none-eabi/lib\libc.a(lib_a-signal.o)
 .janus_2cc_veneer
                0x0000970c        0x0 c:/program files/codesourcery/sourcery g++ lite/bin/../lib/gcc/arm-none-eabi/4.3.2/../../../../arm-none-eabi/lib\libc.a(lib_a-signalr.o)
 .janus_2cc_veneer
                0x0000970c        0x0 c:/program files/codesourcery/sourcery g++ lite/bin/../lib/gcc/arm-none-eabi/4.3.2/../../../../arm-none-eabi/lib\libc.a(lib_a-freer.o)
 .janus_2cc_veneer
                0x0000970c        0x0 c:/program files/codesourcery/sourcery g++ lite/bin/../lib/gcc/arm-none-eabi/4.3.2/../../../../arm-none-eabi/lib\libc.a(lib_a-impure.o)
 .janus_2cc_veneer
                0x0000970c        0x0 c:/program files/codesourcery/sourcery g++ lite/bin/../lib/gcc/arm-none-eabi/4.3.2/../../../../arm-none-eabi/lib\libc.a(lib_a-reent.o)
 .janus_2cc_veneer
                0x0000970c        0x0 c:/program files/codesourcery/sourcery g++ lite/bin/../lib/gcc/arm-none-eabi/4.3.2/../../../../arm-none-eabi/lib\libcs3.a(start_c.o)
 .janus_2cc_veneer
                0x0000970c        0x0 c:/program files/codesourcery/sourcery g++ lite/bin/../lib/gcc/arm-none-eabi/4.3.2/../../../../arm-none-eabi/lib\libcs3unhosted.a(unhosted-_exit.o)
 .janus_2cc_veneer
                0x0000970c        0x0 c:/program files/codesourcery/sourcery g++ lite/bin/../lib/gcc/arm-none-eabi/4.3.2/../../../../arm-none-eabi/lib\libc.a(lib_a-init.o)

.v4_bx          0x0000970c        0x0
 .v4_bx         0x0000970c        0x0 ./obj/startup.o
 .v4_bx         0x0000970c        0x0 ./obj/syscalls.o
 .v4_bx         0x0000970c        0x0 ./obj/fio.o
 .v4_bx         0x0000970c        0x0 ./obj/irq.o
 .v4_bx         0x0000970c        0x0 ./obj/nothrow.o
 .v4_bx         0x0000970c        0x0 ./obj/sbl_iap.o
 .v4_bx         0x0000970c        0x0 ./obj/serial.o
 .v4_bx         0x0000970c        0x0 ./obj/sys_init.o
 .v4_bx         0x0000970c        0x0 ./obj/uart.o
 .v4_bx         0x0000970c        0x0 ./obj/main.o
 .v4_bx         0x0000970c        0x0 c:/program files/codesourcery/sourcery g++ lite/bin/../lib/gcc/arm-none-eabi/4.3.2\libgcc.a(_udivsi3.o)
 .v4_bx         0x0000970c        0x0 c:/program files/codesourcery/sourcery g++ lite/bin/../lib/gcc/arm-none-eabi/4.3.2\libgcc.a(_dvmd_tls.o)
 .v4_bx         0x0000970c        0x0 c:/program files/codesourcery/sourcery g++ lite/bin/../lib/gcc/arm-none-eabi/4.3.2\libgcc.a(unwind-arm.o)
 .v4_bx         0x0000970c        0x0 c:/program files/codesourcery/sourcery g++ lite/bin/../lib/gcc/arm-none-eabi/4.3.2\libgcc.a(libunwind.o)
 .v4_bx         0x0000970c        0x0 c:/program files/codesourcery/sourcery g++ lite/bin/../lib/gcc/arm-none-eabi/4.3.2\libgcc.a(pr-support.o)
 .v4_bx         0x0000970c        0x0 c:/program files/codesourcery/sourcery g++ lite/bin/../lib/gcc/arm-none-eabi/4.3.2/../../../../arm-none-eabi/lib\libc.a(lib_a-abort.o)
 .v4_bx         0x0000970c        0x0 c:/program files/codesourcery/sourcery g++ lite/bin/../lib/gcc/arm-none-eabi/4.3.2/../../../../arm-none-eabi/lib\libc.a(lib_a-malloc.o)
 .v4_bx         0x0000970c        0x0 c:/program files/codesourcery/sourcery g++ lite/bin/../lib/gcc/arm-none-eabi/4.3.2/../../../../arm-none-eabi/lib\libc.a(lib_a-mallocr.o)
 .v4_bx         0x0000970c        0x0 c:/program files/codesourcery/sourcery g++ lite/bin/../lib/gcc/arm-none-eabi/4.3.2/../../../../arm-none-eabi/lib\libc.a(lib_a-memcpy.o)
 .v4_bx         0x0000970c        0x0 c:/program files/codesourcery/sourcery g++ lite/bin/../lib/gcc/arm-none-eabi/4.3.2/../../../../arm-none-eabi/lib\libc.a(lib_a-mlock.o)
 .v4_bx         0x0000970c        0x0 c:/program files/codesourcery/sourcery g++ lite/bin/../lib/gcc/arm-none-eabi/4.3.2/../../../../arm-none-eabi/lib\libc.a(lib_a-sbrkr.o)
 .v4_bx         0x0000970c        0x0 c:/program files/codesourcery/sourcery g++ lite/bin/../lib/gcc/arm-none-eabi/4.3.2/../../../../arm-none-eabi/lib\libc.a(lib_a-signal.o)
 .v4_bx         0x0000970c        0x0 c:/program files/codesourcery/sourcery g++ lite/bin/../lib/gcc/arm-none-eabi/4.3.2/../../../../arm-none-eabi/lib\libc.a(lib_a-signalr.o)
 .v4_bx         0x0000970c        0x0 c:/program files/codesourcery/sourcery g++ lite/bin/../lib/gcc/arm-none-eabi/4.3.2/../../../../arm-none-eabi/lib\libc.a(lib_a-freer.o)
 .v4_bx         0x0000970c        0x0 c:/program files/codesourcery/sourcery g++ lite/bin/../lib/gcc/arm-none-eabi/4.3.2/../../../../arm-none-eabi/lib\libc.a(lib_a-impure.o)
 .v4_bx         0x0000970c        0x0 c:/program files/codesourcery/sourcery g++ lite/bin/../lib/gcc/arm-none-eabi/4.3.2/../../../../arm-none-eabi/lib\libc.a(lib_a-reent.o)
 .v4_bx         0x0000970c        0x0 c:/program files/codesourcery/sourcery g++ lite/bin/../lib/gcc/arm-none-eabi/4.3.2/../../../../arm-none-eabi/lib\libcs3.a(start_c.o)
 .v4_bx         0x0000970c        0x0 c:/program files/codesourcery/sourcery g++ lite/bin/../lib/gcc/arm-none-eabi/4.3.2/../../../../arm-none-eabi/lib\libcs3unhosted.a(unhosted-_exit.o)
 .v4_bx         0x0000970c        0x0 c:/program files/codesourcery/sourcery g++ lite/bin/../lib/gcc/arm-none-eabi/4.3.2/../../../../arm-none-eabi/lib\libc.a(lib_a-init.o)

.ARM.exidx      0x0000970c      0x250
 *(.ARM.exidx* .gnu.linkonce.armexidx.*)
 .ARM.exidx.cs3.reset
                0x0000970c        0x8 ./obj/startup.o
 .ARM.exidx     0x00009714        0x8 ./obj/fio.o
 .ARM.exidx     0x0000971c       0x10 ./obj/irq.o
 .ARM.exidx     0x0000972c       0x20 ./obj/nothrow.o
 .ARM.exidx     0x0000974c       0x60 ./obj/sbl_iap.o
 .ARM.exidx     0x000097ac       0x58 ./obj/serial.o
 .ARM.exidx     0x00009804       0x20 ./obj/sys_init.o
 .ARM.exidx     0x00009824       0x20 ./obj/uart.o
 .ARM.exidx     0x00009844       0x10 ./obj/main.o
 .ARM.exidx     0x00009854       0xc0 c:/program files/codesourcery/sourcery g++ lite/bin/../lib/gcc/arm-none-eabi/4.3.2\libgcc.a(unwind-arm.o)
 .ARM.exidx     0x00009914       0x48 c:/program files/codesourcery/sourcery g++ lite/bin/../lib/gcc/arm-none-eabi/4.3.2\libgcc.a(pr-support.o)
                0x0000995c                __exidx_end = .

.ARM.__at_0x1FC
                0x0000995c        0x4
 .ARM.__at_0x1FC
                0x0000995c        0x4 ./obj/sbl_iap.o
                0x0000995c                crp

.text.align     0x00009960        0x0
                0x00009960                . = ALIGN (0x8)
                0x00009960                _etext = .
                0x0007f000                __cs3_region_size_rom = 0x7f000
                0x00000001                __cs3_region_num = 0x1

.data           0x40000000      0x8f8 load address 0x00009960
                0x40000000                __cs3_region_start_ram = .
 *(.cs3.region-head.ram)
                0x40000000                __cs3_interrupt_vector = __cs3_interrupt_vector_arm
 *(.cs3.interrupt_vector)
 .cs3.interrupt_vector
                0x40000000       0x40 ./obj/startup.o
                0x40000000                __cs3_interrupt_vector_arm
 *(.jcr)
 *(.got.plt)
 *(.got)
 *(.shdata)
 *(.data .data.* .gnu.linkonce.d.*)
 .data          0x40000040        0x0 ./obj/startup.o
 .data          0x40000040        0x0 ./obj/syscalls.o
 .data          0x40000040        0x0 ./obj/fio.o
 .data          0x40000040        0x0 ./obj/irq.o
 .data          0x40000040        0x0 ./obj/nothrow.o
 .data          0x40000040        0x4 ./obj/sbl_iap.o
                0x40000040                cclk
 .data          0x40000044       0x90 ./obj/serial.o
                0x40000054                uartPins
                0x40000044                uartReg
                0x400000b4                uartInts
 .data          0x400000d4        0x0 ./obj/sys_init.o
 .data          0x400000d4        0x2 ./obj/uart.o
                0x400000d4                UART0TxEmpty
                0x400000d5                UART1TxEmpty
 *fill*         0x400000d6        0x2 00
 .data          0x400000d8        0x4 ./obj/main.o
                0x400000d8                gAddressPgm
 .data          0x400000dc        0x0 c:/program files/codesourcery/sourcery g++ lite/bin/../lib/gcc/arm-none-eabi/4.3.2\libgcc.a(_udivsi3.o)
 .data          0x400000dc        0x0 c:/program files/codesourcery/sourcery g++ lite/bin/../lib/gcc/arm-none-eabi/4.3.2\libgcc.a(_dvmd_tls.o)
 .data          0x400000dc        0x0 c:/program files/codesourcery/sourcery g++ lite/bin/../lib/gcc/arm-none-eabi/4.3.2\libgcc.a(unwind-arm.o)
 .data          0x400000dc        0x0 c:/program files/codesourcery/sourcery g++ lite/bin/../lib/gcc/arm-none-eabi/4.3.2\libgcc.a(libunwind.o)
 .data          0x400000dc        0x0 c:/program files/codesourcery/sourcery g++ lite/bin/../lib/gcc/arm-none-eabi/4.3.2\libgcc.a(pr-support.o)
 .data          0x400000dc        0x0 c:/program files/codesourcery/sourcery g++ lite/bin/../lib/gcc/arm-none-eabi/4.3.2/../../../../arm-none-eabi/lib\libc.a(lib_a-abort.o)
 .data          0x400000dc        0x0 c:/program files/codesourcery/sourcery g++ lite/bin/../lib/gcc/arm-none-eabi/4.3.2/../../../../arm-none-eabi/lib\libc.a(lib_a-malloc.o)
 .data          0x400000dc      0x410 c:/program files/codesourcery/sourcery g++ lite/bin/../lib/gcc/arm-none-eabi/4.3.2/../../../../arm-none-eabi/lib\libc.a(lib_a-mallocr.o)
                0x400004e4                __malloc_sbrk_base
                0x400000dc                __malloc_av_
                0x400004e8                __malloc_trim_threshold
 .data          0x400004ec        0x0 c:/program files/codesourcery/sourcery g++ lite/bin/../lib/gcc/arm-none-eabi/4.3.2/../../../../arm-none-eabi/lib\libc.a(lib_a-memcpy.o)
 .data          0x400004ec        0x0 c:/program files/codesourcery/sourcery g++ lite/bin/../lib/gcc/arm-none-eabi/4.3.2/../../../../arm-none-eabi/lib\libc.a(lib_a-mlock.o)
 .data          0x400004ec        0x0 c:/program files/codesourcery/sourcery g++ lite/bin/../lib/gcc/arm-none-eabi/4.3.2/../../../../arm-none-eabi/lib\libc.a(lib_a-sbrkr.o)
 .data          0x400004ec        0x0 c:/program files/codesourcery/sourcery g++ lite/bin/../lib/gcc/arm-none-eabi/4.3.2/../../../../arm-none-eabi/lib\libc.a(lib_a-signal.o)
 .data          0x400004ec        0x0 c:/program files/codesourcery/sourcery g++ lite/bin/../lib/gcc/arm-none-eabi/4.3.2/../../../../arm-none-eabi/lib\libc.a(lib_a-signalr.o)
 .data          0x400004ec        0x0 c:/program files/codesourcery/sourcery g++ lite/bin/../lib/gcc/arm-none-eabi/4.3.2/../../../../arm-none-eabi/lib\libc.a(lib_a-freer.o)
 *fill*         0x400004ec        0x4 00
 .data          0x400004f0      0x408 c:/program files/codesourcery/sourcery g++ lite/bin/../lib/gcc/arm-none-eabi/4.3.2/../../../../arm-none-eabi/lib\libc.a(lib_a-impure.o)
                0x400004f0                _impure_ptr
 .data          0x400008f8        0x0 c:/program files/codesourcery/sourcery g++ lite/bin/../lib/gcc/arm-none-eabi/4.3.2/../../../../arm-none-eabi/lib\libc.a(lib_a-reent.o)
 .data          0x400008f8        0x0 c:/program files/codesourcery/sourcery g++ lite/bin/../lib/gcc/arm-none-eabi/4.3.2/../../../../arm-none-eabi/lib\libcs3.a(start_c.o)
 .data          0x400008f8        0x0 c:/program files/codesourcery/sourcery g++ lite/bin/../lib/gcc/arm-none-eabi/4.3.2/../../../../arm-none-eabi/lib\libcs3unhosted.a(unhosted-_exit.o)
 .data          0x400008f8        0x0 c:/program files/codesourcery/sourcery g++ lite/bin/../lib/gcc/arm-none-eabi/4.3.2/../../../../arm-none-eabi/lib\libc.a(lib_a-init.o)
 *(.ram)
                0x400008f8                . = ALIGN (0x8)
                0x400008f8                _edata = .

.bss            0x400008f8      0x658 load address 0x0000a258
 *(.shbss)
 *(.bss .bss.* .gnu.linkonce.b.*)
 .bss           0x400008f8        0x0 ./obj/startup.o
 .bss           0x400008f8        0x0 ./obj/syscalls.o
 .bss           0x400008f8        0x0 ./obj/fio.o
 .bss           0x400008f8        0x0 ./obj/irq.o
 .bss           0x400008f8        0x0 ./obj/nothrow.o
 .bss           0x400008f8      0x238 ./obj/sbl_iap.o
                0x400008f8                param_table
                0x4000090c                result_table
                0x40000928                byte_ctr
                0x40000924                flash_address
                0x40000b2c                user_code_entry2
                0x40000920                user_code_entry
                0x4000092c                flash_buf
 .bss           0x40000b30      0x120 ./obj/serial.o
                0x40000b30                uartData
 .bss           0x40000c50       0x28 ./obj/sys_init.o
                0x40000c64                adcSamplesEast
                0x40000c58                currentSouth
                0x40000c5c                adcSamplesSouth
                0x40000c54                adcSamplesNorth
                0x40000c60                currentEast
                0x40000c6c                adcSamplesWest
                0x40000c74                millisCntr
                0x40000c50                currentNorth
                0x40000c68                currentWest
                0x40000c70                millis
 .bss           0x40000c78       0x90 ./obj/uart.o
                0x40000c7c                UART0Count
                0x40000cc8                UART1Buffer
                0x40000c80                UART0Buffer
                0x40000cc0                UART1Status
                0x40000cc4                UART1Count
                0x40000c78                UART0Status
 .bss           0x40000d08      0x210 ./obj/main.o
                0x40000d14                gBuffer
                0x40000d10                gAddress
                0x40000f15                gDevType
                0x40000d08                purge
                0x40000f14                gDevice
                0x40000d0c                num
 .bss           0x40000f18        0x0 c:/program files/codesourcery/sourcery g++ lite/bin/../lib/gcc/arm-none-eabi/4.3.2\libgcc.a(_udivsi3.o)
 .bss           0x40000f18        0x0 c:/program files/codesourcery/sourcery g++ lite/bin/../lib/gcc/arm-none-eabi/4.3.2\libgcc.a(_dvmd_tls.o)
 .bss           0x40000f18        0x0 c:/program files/codesourcery/sourcery g++ lite/bin/../lib/gcc/arm-none-eabi/4.3.2\libgcc.a(unwind-arm.o)
 .bss           0x40000f18        0x0 c:/program files/codesourcery/sourcery g++ lite/bin/../lib/gcc/arm-none-eabi/4.3.2\libgcc.a(libunwind.o)
 .bss           0x40000f18        0x0 c:/program files/codesourcery/sourcery g++ lite/bin/../lib/gcc/arm-none-eabi/4.3.2\libgcc.a(pr-support.o)
 .bss           0x40000f18        0x0 c:/program files/codesourcery/sourcery g++ lite/bin/../lib/gcc/arm-none-eabi/4.3.2/../../../../arm-none-eabi/lib\libc.a(lib_a-abort.o)
 .bss           0x40000f18        0x0 c:/program files/codesourcery/sourcery g++ lite/bin/../lib/gcc/arm-none-eabi/4.3.2/../../../../arm-none-eabi/lib\libc.a(lib_a-malloc.o)
 .bss           0x40000f18       0x34 c:/program files/codesourcery/sourcery g++ lite/bin/../lib/gcc/arm-none-eabi/4.3.2/../../../../arm-none-eabi/lib\libc.a(lib_a-mallocr.o)
                0x40000f18                __malloc_top_pad
                0x40000f44                __malloc_max_sbrked_mem
                0x40000f1c                __malloc_current_mallinfo
                0x40000f48                __malloc_max_total_mem
 .bss           0x40000f4c        0x0 c:/program files/codesourcery/sourcery g++ lite/bin/../lib/gcc/arm-none-eabi/4.3.2/../../../../arm-none-eabi/lib\libc.a(lib_a-memcpy.o)
 .bss           0x40000f4c        0x0 c:/program files/codesourcery/sourcery g++ lite/bin/../lib/gcc/arm-none-eabi/4.3.2/../../../../arm-none-eabi/lib\libc.a(lib_a-mlock.o)
 .bss           0x40000f4c        0x0 c:/program files/codesourcery/sourcery g++ lite/bin/../lib/gcc/arm-none-eabi/4.3.2/../../../../arm-none-eabi/lib\libc.a(lib_a-sbrkr.o)
 .bss           0x40000f4c        0x0 c:/program files/codesourcery/sourcery g++ lite/bin/../lib/gcc/arm-none-eabi/4.3.2/../../../../arm-none-eabi/lib\libc.a(lib_a-signal.o)
 .bss           0x40000f4c        0x0 c:/program files/codesourcery/sourcery g++ lite/bin/../lib/gcc/arm-none-eabi/4.3.2/../../../../arm-none-eabi/lib\libc.a(lib_a-signalr.o)
 .bss           0x40000f4c        0x0 c:/program files/codesourcery/sourcery g++ lite/bin/../lib/gcc/arm-none-eabi/4.3.2/../../../../arm-none-eabi/lib\libc.a(lib_a-freer.o)
 .bss           0x40000f4c        0x0 c:/program files/codesourcery/sourcery g++ lite/bin/../lib/gcc/arm-none-eabi/4.3.2/../../../../arm-none-eabi/lib\libc.a(lib_a-impure.o)
 .bss           0x40000f4c        0x0 c:/program files/codesourcery/sourcery g++ lite/bin/../lib/gcc/arm-none-eabi/4.3.2/../../../../arm-none-eabi/lib\libc.a(lib_a-reent.o)
 .bss           0x40000f4c        0x0 c:/program files/codesourcery/sourcery g++ lite/bin/../lib/gcc/arm-none-eabi/4.3.2/../../../../arm-none-eabi/lib\libcs3.a(start_c.o)
 .bss           0x40000f4c        0x0 c:/program files/codesourcery/sourcery g++ lite/bin/../lib/gcc/arm-none-eabi/4.3.2/../../../../arm-none-eabi/lib\libcs3unhosted.a(unhosted-_exit.o)
 .bss           0x40000f4c        0x0 c:/program files/codesourcery/sourcery g++ lite/bin/../lib/gcc/arm-none-eabi/4.3.2/../../../../arm-none-eabi/lib\libc.a(lib_a-init.o)
 *(COMMON)
 COMMON         0x40000f4c        0x4 c:/program files/codesourcery/sourcery g++ lite/bin/../lib/gcc/arm-none-eabi/4.3.2/../../../../arm-none-eabi/lib\libc.a(lib_a-reent.o)
                0x40000f4c                errno
 *(.ram.b)
                0x40000f50                . = ALIGN (0x8)
                0x40000f50                _end = .
                0x40000f50                __end = .

.heap           0x40000f50        0x0
 *(.heap)
 .heap          0x40000f50        0x0 ./obj/startup.o

.stack          0x40007ce0      0x300
 *(.stack)
 .stack         0x40007ce0      0x300 ./obj/startup.o
                0x40007ce0                __cs3_stack_mem
                0x00009960                __cs3_region_init_ram = LOADADDR (.data)
                0x000008f8                __cs3_region_init_size_ram = (_edata - __cs3_region_start_ram)
                0x00000658                __cs3_region_zero_size_ram = (_end - _edata)
                0x00007fe0                __cs3_region_size_ram = 0x7fe0
                0x00000001                __cs3_region_num = 0x1

.stab
 *(.stab)

.stabstr
 *(.stabstr)

.debug
 *(.debug)

.line
 *(.line)

.debug_srcinfo
 *(.debug_srcinfo)

.debug_sfnames
 *(.debug_sfnames)

.debug_aranges  0x00000000      0x150
 *(.debug_aranges)
 .debug_aranges
                0x00000000       0x30 ./obj/startup.o
 .debug_aranges
                0x00000030       0x20 ./obj/syscalls.o
 .debug_aranges
                0x00000050       0x20 ./obj/fio.o
 .debug_aranges
                0x00000070       0x20 ./obj/irq.o
 .debug_aranges
                0x00000090       0x20 ./obj/nothrow.o
 .debug_aranges
                0x000000b0       0x20 ./obj/sbl_iap.o
 .debug_aranges
                0x000000d0       0x20 ./obj/serial.o
 .debug_aranges
                0x000000f0       0x20 ./obj/sys_init.o
 .debug_aranges
                0x00000110       0x20 ./obj/uart.o
 .debug_aranges
                0x00000130       0x20 ./obj/main.o

.debug_pubnames
                0x00000000      0x617
 *(.debug_pubnames)
 .debug_pubnames
                0x00000000       0x9d ./obj/syscalls.o
 .debug_pubnames
                0x0000009d       0x1f ./obj/fio.o
 .debug_pubnames
                0x000000bc       0x2f ./obj/irq.o
 .debug_pubnames
                0x000000eb       0x54 ./obj/nothrow.o
 .debug_pubnames
                0x0000013f      0x1b7 ./obj/sbl_iap.o
 .debug_pubnames
                0x000002f6       0xe0 ./obj/serial.o
 .debug_pubnames
                0x000003d6       0xf8 ./obj/sys_init.o
 .debug_pubnames
                0x000004ce       0xce ./obj/uart.o
 .debug_pubnames
                0x0000059c       0x7b ./obj/main.o

.debug_info     0x00000000     0x1d68
 *(.debug_info .gnu.linkonce.wi.*)
 .debug_info    0x00000000       0x7e ./obj/startup.o
 .debug_info    0x0000007e      0x492 ./obj/syscalls.o
 .debug_info    0x00000510       0xc3 ./obj/fio.o
 .debug_info    0x000005d3      0x114 ./obj/irq.o
 .debug_info    0x000006e7      0x15c ./obj/nothrow.o
 .debug_info    0x00000843      0x74d ./obj/sbl_iap.o
 .debug_info    0x00000f90      0x7bf ./obj/serial.o
 .debug_info    0x0000174f      0x249 ./obj/sys_init.o
 .debug_info    0x00001998      0x271 ./obj/uart.o
 .debug_info    0x00001c09      0x15f ./obj/main.o

.debug_abbrev   0x00000000      0xb2c
 *(.debug_abbrev)
 .debug_abbrev  0x00000000       0x12 ./obj/startup.o
 .debug_abbrev  0x00000012      0x136 ./obj/syscalls.o
 .debug_abbrev  0x00000148       0x6b ./obj/fio.o
 .debug_abbrev  0x000001b3       0xb1 ./obj/irq.o
 .debug_abbrev  0x00000264       0xec ./obj/nothrow.o
 .debug_abbrev  0x00000350      0x241 ./obj/sbl_iap.o
 .debug_abbrev  0x00000591      0x2a3 ./obj/serial.o
 .debug_abbrev  0x00000834      0x134 ./obj/sys_init.o
 .debug_abbrev  0x00000968      0x116 ./obj/uart.o
 .debug_abbrev  0x00000a7e       0xae ./obj/main.o

.debug_line     0x00000000      0x9e6
 *(.debug_line)
 .debug_line    0x00000000       0x7a ./obj/startup.o
 .debug_line    0x0000007a       0xf1 ./obj/syscalls.o
 .debug_line    0x0000016b       0x5b ./obj/fio.o
 .debug_line    0x000001c6       0x61 ./obj/irq.o
 .debug_line    0x00000227       0xa9 ./obj/nothrow.o
 .debug_line    0x000002d0      0x1a3 ./obj/sbl_iap.o
 .debug_line    0x00000473      0x237 ./obj/serial.o
 .debug_line    0x000006aa      0x195 ./obj/sys_init.o
 .debug_line    0x0000083f      0x11a ./obj/uart.o
 .debug_line    0x00000959       0x8d ./obj/main.o

.debug_frame    0x00000000      0xc2c
 *(.debug_frame)
 .debug_frame   0x00000000       0xec ./obj/syscalls.o
 .debug_frame   0x000000ec       0x28 ./obj/fio.o
 .debug_frame   0x00000114       0x3c ./obj/irq.o
 .debug_frame   0x00000150       0x70 ./obj/nothrow.o
 .debug_frame   0x000001c0      0x198 ./obj/sbl_iap.o
 .debug_frame   0x00000358      0x100 ./obj/serial.o
 .debug_frame   0x00000458       0x60 ./obj/sys_init.o
 .debug_frame   0x000004b8       0x7c ./obj/uart.o
 .debug_frame   0x00000534       0x44 ./obj/main.o
 .debug_frame   0x00000578       0x20 c:/program files/codesourcery/sourcery g++ lite/bin/../lib/gcc/arm-none-eabi/4.3.2\libgcc.a(_udivsi3.o)
 .debug_frame   0x00000598      0x264 c:/program files/codesourcery/sourcery g++ lite/bin/../lib/gcc/arm-none-eabi/4.3.2\libgcc.a(unwind-arm.o)
 .debug_frame   0x000007fc       0xe8 c:/program files/codesourcery/sourcery g++ lite/bin/../lib/gcc/arm-none-eabi/4.3.2\libgcc.a(pr-support.o)
 .debug_frame   0x000008e4       0x20 c:/program files/codesourcery/sourcery g++ lite/bin/../lib/gcc/arm-none-eabi/4.3.2/../../../../arm-none-eabi/lib\libc.a(lib_a-abort.o)
 .debug_frame   0x00000904       0x40 c:/program files/codesourcery/sourcery g++ lite/bin/../lib/gcc/arm-none-eabi/4.3.2/../../../../arm-none-eabi/lib\libc.a(lib_a-malloc.o)
 .debug_frame   0x00000944       0x38 c:/program files/codesourcery/sourcery g++ lite/bin/../lib/gcc/arm-none-eabi/4.3.2/../../../../arm-none-eabi/lib\libc.a(lib_a-mallocr.o)
 .debug_frame   0x0000097c       0x2c c:/program files/codesourcery/sourcery g++ lite/bin/../lib/gcc/arm-none-eabi/4.3.2/../../../../arm-none-eabi/lib\libc.a(lib_a-memcpy.o)
 .debug_frame   0x000009a8       0x30 c:/program files/codesourcery/sourcery g++ lite/bin/../lib/gcc/arm-none-eabi/4.3.2/../../../../arm-none-eabi/lib\libc.a(lib_a-mlock.o)
 .debug_frame   0x000009d8       0x2c c:/program files/codesourcery/sourcery g++ lite/bin/../lib/gcc/arm-none-eabi/4.3.2/../../../../arm-none-eabi/lib\libc.a(lib_a-sbrkr.o)
 .debug_frame   0x00000a04       0xc0 c:/program files/codesourcery/sourcery g++ lite/bin/../lib/gcc/arm-none-eabi/4.3.2/../../../../arm-none-eabi/lib\libc.a(lib_a-signal.o)
 .debug_frame   0x00000ac4       0x44 c:/program files/codesourcery/sourcery g++ lite/bin/../lib/gcc/arm-none-eabi/4.3.2/../../../../arm-none-eabi/lib\libc.a(lib_a-signalr.o)
 .debug_frame   0x00000b08       0x50 c:/program files/codesourcery/sourcery g++ lite/bin/../lib/gcc/arm-none-eabi/4.3.2/../../../../arm-none-eabi/lib\libc.a(lib_a-freer.o)
 .debug_frame   0x00000b58       0x68 c:/program files/codesourcery/sourcery g++ lite/bin/../lib/gcc/arm-none-eabi/4.3.2/../../../../arm-none-eabi/lib\libc.a(lib_a-reent.o)
 .debug_frame   0x00000bc0       0x20 c:/program files/codesourcery/sourcery g++ lite/bin/../lib/gcc/arm-none-eabi/4.3.2/../../../../arm-none-eabi/lib\libcs3.a(start_c.o)
 .debug_frame   0x00000be0       0x20 c:/program files/codesourcery/sourcery g++ lite/bin/../lib/gcc/arm-none-eabi/4.3.2/../../../../arm-none-eabi/lib\libcs3unhosted.a(unhosted-_exit.o)
 .debug_frame   0x00000c00       0x2c c:/program files/codesourcery/sourcery g++ lite/bin/../lib/gcc/arm-none-eabi/4.3.2/../../../../arm-none-eabi/lib\libc.a(lib_a-init.o)

.debug_str      0x00000000      0xa8a
 *(.debug_str)
 .debug_str     0x00000000      0x1f5 ./obj/syscalls.o
                                0x24b (size before relaxing)
 .debug_str     0x000001f5       0x4e ./obj/fio.o
                                0x11d (size before relaxing)
 .debug_str     0x00000243       0x71 ./obj/irq.o
                                0x14f (size before relaxing)
 .debug_str     0x000002b4       0x79 ./obj/nothrow.o
                                0x164 (size before relaxing)
 .debug_str     0x0000032d      0x290 ./obj/sbl_iap.o
                                0x387 (size before relaxing)
 .debug_str     0x000005bd      0x277 ./obj/serial.o
                                0x3a3 (size before relaxing)
 .debug_str     0x00000834      0x108 ./obj/sys_init.o
                                0x201 (size before relaxing)
 .debug_str     0x0000093c       0xf2 ./obj/uart.o
                                0x210 (size before relaxing)
 .debug_str     0x00000a2e       0x5c ./obj/main.o
                                0x149 (size before relaxing)

.debug_loc      0x00000000      0xc0a
 *(.debug_loc)
 .debug_loc     0x00000000       0xf0 ./obj/syscalls.o
 .debug_loc     0x000000f0       0x84 ./obj/fio.o
 .debug_loc     0x00000174       0x50 ./obj/irq.o
 .debug_loc     0x000001c4       0xa0 ./obj/nothrow.o
 .debug_loc     0x00000264      0x3a4 ./obj/sbl_iap.o
 .debug_loc     0x00000608      0x373 ./obj/serial.o
 .debug_loc     0x0000097b       0x3e ./obj/sys_init.o
 .debug_loc     0x000009b9      0x227 ./obj/uart.o
 .debug_loc     0x00000be0       0x2a ./obj/main.o

.debug_macinfo
 *(.debug_macinfo)

.debug_weaknames
 *(.debug_weaknames)

.debug_funcnames
 *(.debug_funcnames)

.debug_typenames
 *(.debug_typenames)

.debug_varnames
 *(.debug_varnames)

.note.gnu.arm.ident
 *(.note.gnu.arm.ident)

.ARM.attributes
                0x00000000       0x2c
 *(.ARM.attributes)
 .ARM.attributes
                0x00000000       0x1e ./obj/startup.o
 .ARM.attributes
                0x0000001e       0x2e ./obj/syscalls.o
 .ARM.attributes
                0x0000004c       0x2e ./obj/fio.o
 .ARM.attributes
                0x0000007a       0x2e ./obj/irq.o
 .ARM.attributes
                0x000000a8       0x2e ./obj/nothrow.o
 .ARM.attributes
                0x000000d6       0x2e ./obj/sbl_iap.o
 .ARM.attributes
                0x00000104       0x2e ./obj/serial.o
 .ARM.attributes
                0x00000132       0x2e ./obj/sys_init.o
 .ARM.attributes
                0x00000160       0x2e ./obj/uart.o
 .ARM.attributes
                0x0000018e       0x2e ./obj/main.o
 .ARM.attributes
                0x000001bc       0x14 c:/program files/codesourcery/sourcery g++ lite/bin/../lib/gcc/arm-none-eabi/4.3.2\libgcc.a(_udivsi3.o)
 .ARM.attributes
                0x000001d0       0x14 c:/program files/codesourcery/sourcery g++ lite/bin/../lib/gcc/arm-none-eabi/4.3.2\libgcc.a(_dvmd_tls.o)
 .ARM.attributes
                0x000001e4       0x2e c:/program files/codesourcery/sourcery g++ lite/bin/../lib/gcc/arm-none-eabi/4.3.2\libgcc.a(unwind-arm.o)
 .ARM.attributes
                0x00000212       0x18 c:/program files/codesourcery/sourcery g++ lite/bin/../lib/gcc/arm-none-eabi/4.3.2\libgcc.a(libunwind.o)
 .ARM.attributes
                0x0000022a       0x2e c:/program files/codesourcery/sourcery g++ lite/bin/../lib/gcc/arm-none-eabi/4.3.2\libgcc.a(pr-support.o)
 .ARM.attributes
                0x00000258       0x2e c:/program files/codesourcery/sourcery g++ lite/bin/../lib/gcc/arm-none-eabi/4.3.2/../../../../arm-none-eabi/lib\libc.a(lib_a-abort.o)
 .ARM.attributes
                0x00000286       0x2e c:/program files/codesourcery/sourcery g++ lite/bin/../lib/gcc/arm-none-eabi/4.3.2/../../../../arm-none-eabi/lib\libc.a(lib_a-malloc.o)
 .ARM.attributes
                0x000002b4       0x2e c:/program files/codesourcery/sourcery g++ lite/bin/../lib/gcc/arm-none-eabi/4.3.2/../../../../arm-none-eabi/lib\libc.a(lib_a-mallocr.o)
 .ARM.attributes
                0x000002e2       0x2e c:/program files/codesourcery/sourcery g++ lite/bin/../lib/gcc/arm-none-eabi/4.3.2/../../../../arm-none-eabi/lib\libc.a(lib_a-memcpy.o)
 .ARM.attributes
                0x00000310       0x2e c:/program files/codesourcery/sourcery g++ lite/bin/../lib/gcc/arm-none-eabi/4.3.2/../../../../arm-none-eabi/lib\libc.a(lib_a-mlock.o)
 .ARM.attributes
                0x0000033e       0x2e c:/program files/codesourcery/sourcery g++ lite/bin/../lib/gcc/arm-none-eabi/4.3.2/../../../../arm-none-eabi/lib\libc.a(lib_a-sbrkr.o)
 .ARM.attributes
                0x0000036c       0x2e c:/program files/codesourcery/sourcery g++ lite/bin/../lib/gcc/arm-none-eabi/4.3.2/../../../../arm-none-eabi/lib\libc.a(lib_a-signal.o)
 .ARM.attributes
                0x0000039a       0x2e c:/program files/codesourcery/sourcery g++ lite/bin/../lib/gcc/arm-none-eabi/4.3.2/../../../../arm-none-eabi/lib\libc.a(lib_a-signalr.o)
 .ARM.attributes
                0x000003c8       0x2e c:/program files/codesourcery/sourcery g++ lite/bin/../lib/gcc/arm-none-eabi/4.3.2/../../../../arm-none-eabi/lib\libc.a(lib_a-freer.o)
 .ARM.attributes
                0x000003f6       0x2c c:/program files/codesourcery/sourcery g++ lite/bin/../lib/gcc/arm-none-eabi/4.3.2/../../../../arm-none-eabi/lib\libc.a(lib_a-impure.o)
 .ARM.attributes
                0x00000422       0x2e c:/program files/codesourcery/sourcery g++ lite/bin/../lib/gcc/arm-none-eabi/4.3.2/../../../../arm-none-eabi/lib\libc.a(lib_a-reent.o)
 .ARM.attributes
                0x00000450       0x2e c:/program files/codesourcery/sourcery g++ lite/bin/../lib/gcc/arm-none-eabi/4.3.2/../../../../arm-none-eabi/lib\libcs3.a(start_c.o)
 .ARM.attributes
                0x0000047e       0x2e c:/program files/codesourcery/sourcery g++ lite/bin/../lib/gcc/arm-none-eabi/4.3.2/../../../../arm-none-eabi/lib\libcs3unhosted.a(unhosted-_exit.o)
 .ARM.attributes
                0x000004ac       0x2e c:/program files/codesourcery/sourcery g++ lite/bin/../lib/gcc/arm-none-eabi/4.3.2/../../../../arm-none-eabi/lib\libc.a(lib_a-init.o)

/DISCARD/
 *(.note.GNU-stack)
OUTPUT(./obj/Blinky.elf elf32-littlearm)

.debug_ranges   0x00000000      0x2c0
 .debug_ranges  0x00000000       0x28 ./obj/startup.o
 .debug_ranges  0x00000028      0x178 ./obj/sbl_iap.o
 .debug_ranges  0x000001a0       0x78 ./obj/serial.o
 .debug_ranges  0x00000218       0x90 ./obj/sys_init.o
 .debug_ranges  0x000002a8       0x18 ./obj/main.o

.comment        0x00000000      0x17a
 .comment       0x00000000       0x2a ./obj/syscalls.o
 .comment       0x0000002a       0x2a ./obj/fio.o
 .comment       0x00000054       0x2a ./obj/irq.o
 .comment       0x0000007e       0x2a ./obj/nothrow.o
 .comment       0x000000a8       0x2a ./obj/sbl_iap.o
 .comment       0x000000d2       0x2a ./obj/serial.o
 .comment       0x000000fc       0x2a ./obj/sys_init.o
 .comment       0x00000126       0x2a ./obj/uart.o
 .comment       0x00000150       0x2a ./obj/main.o
